DEBUG: RAGClient module loaded from C:\Users\batty\Documents\VoxAI_IDE\core\rag_client.py
Storage Dir: C:\Users\batty\Documents\VoxAI_IDE\.vox\memory
Namespace: project:471086ee0ea7c68f
Ingesting test word: CrimsonLeopardFire...
DEBUG: Executing C:\Program Files\Go\bin\go.exe run ./cmd/cli -cmd ingest_message -data C:\Users\batty\Documents\VoxAI_IDE\.vox\memory -dim 768 -input {"namespace": "project:471086ee0ea7c68f", "conversation_id": "test-conv-123", "role": "user", "content": "CrimsonLeopardFire", "vector": [1.5142155885696411, -0.42485108971595764, -3.939608335494995, -0.7598316073417664, 1.9129199981689453, -0.8598314523696899, -0.20884647965431213, 0.30454370379447937, 0.724377453327179, 0.18192921578884125, -0.2784331738948822, 1.2784385681152344, -0.19800660014152527, 0.5703574419021606, 0.1486348807811737, -0.2445051074028015, 0.7274909615516663, -1.1211110353469849, 0.4771506190299988, -0.32293108105659485, -1.9626179933547974, -0.21565014123916626, -1.2117353677749634, 0.12205545604228973, 1.2321399450302124, 0.5158319473266602, -0.5272172093391418, 0.19321134686470032, 0.7333796620368958, -0.14759235084056854, 0.881812334060669, 0.6634641885757446, -0.15052008628845215, 0.1857779622077942, 0.6349670886993408, -0.4664633870124817, -0.011637269519269466, 0.5594717264175415, 0.9993195533752441, -0.35432568192481995, -0.32257869839668274, 1.1403465270996094, 0.8772145509719849, -0.06497681885957718, 1.053176760673523, 1.4952654838562012, 0.47514843940734863, 0.13703303039073944, -0.3055964708328247, 0.19558142125606537, 1.051512598991394, -0.0684112086892128, -0.9560472369194031, -1.7898340225219727, 0.12971684336662292, 0.5748880505561829, 0.6108548641204834, -0.5043436884880066, 0.5810220241546631, -1.1691523790359497, 0.08685334026813507, 1.8422174453735352, 0.5145450234413147, 0.6911206841468811, 0.5077089667320251, -0.7525568008422852, -1.2001307010650635, 0.5520627498626709, 0.19497869908809662, -0.5745510458946228, -0.3239282965660095, -0.9039193391799927, 1.00211501121521, 0.08877788484096527, -0.8626900911331177, 0.16304953396320343, -0.7225884199142456, -0.6723722219467163, -0.3326397240161896, 0.2614445388317108, -0.28661394119262695, -0.0970175564289093, 0.8899804353713989, 0.5063610076904297, 0.4223896265029907, -0.5349363088607788, -1.1422749757766724, 0.4631426930427551, -0.5828547477722168, -0.8248513340950012, 0.8031880855560303, 0.9274518489837646, 0.7278969287872314, 0.6809826493263245, -0.5801036953926086, 0.8681929111480713, -1.0394675731658936, 0.3420611619949341, -0.17457617819309235, 0.09792990237474442, 0.26592275500297546, -0.95572829246521, 1.2629716396331787, 0.9356903433799744, 0.3392818570137024, -0.1701602041721344, 0.13029800355434418, -0.5655626654624939, -0.47020894289016724, -0.0639457181096077, -0.354733407497406, -0.7919681072235107, -1.1050949096679688, -1.9572302103042603, 0.6070137023925781, 0.681388258934021, 0.6536610126495361, -0.6020087599754333, -0.19683538377285004, 0.7904282808303833, 0.8439528346061707, -1.7221934795379639, 1.0794342756271362, 0.5348047614097595, 1.344107985496521, 0.11060169339179993, -0.041654203087091446, 0.1119501143693924, 0.8375588655471802, 0.21581661701202393, -0.3388325870037079, 0.18150568008422852, -1.1270852088928223, -0.5949977040290833, 0.7813701629638672, 0.24192464351654053, 0.248027965426445, -0.02455870434641838, 0.5486038327217102, -0.3397897481918335, 0.3668067455291748, 0.07395368069410324, 1.3195886611938477, 0.7485784292221069, -1.3879450559616089, -0.2570068836212158, 0.302684485912323, -0.7301891446113586, -0.032555513083934784, 0.34345027804374695, -0.3412296772003174, -0.08217938989400864, 0.45483532547950745, 0.6573985815048218, 0.4231884181499481, -1.1277287006378174, -0.006072796881198883, -0.18130503594875336, -0.5655292868614197, -0.7563482522964478, -0.2662507891654968, 0.012388495728373528, -0.30940479040145874, -0.051437459886074066, -0.7809130549430847, -1.3266563415527344, 1.1720696687698364, 1.1589857339859009, 1.9675581455230713, 1.2483106851577759, -0.7134811282157898, -0.15502914786338806, -0.05185409262776375, -1.3706122636795044, 0.16131511330604553, -0.2944156527519226, 1.0337823629379272, 0.5266900062561035, -0.5827414989471436, -0.880089521408081, -0.7491487264633179, -0.7258468866348267, 0.7077327370643616, 0.9521105289459229, 0.3416633605957031, 0.32398125529289246, -0.753996729850769, -1.3114628791809082, -1.1318851709365845, 1.3012564182281494, -0.7345765829086304, 0.641621470451355, -1.4821726083755493, 0.30761033296585083, 0.3867332935333252, -0.2765594720840454, -0.15091948211193085, 0.3665001094341278, -0.7344241738319397, 0.36312198638916016, -0.5154414176940918, -0.6474230289459229, 0.008757121860980988, -0.19131764769554138, -0.8407851457595825, 1.3905857801437378, -0.3953193426132202, 0.41550129652023315, -0.27332189679145813, 0.5303893089294434, 0.4458325505256653, -0.5244837999343872, -0.3611847460269928, 0.25659850239753723, 0.18802061676979065, -0.30450114607810974, -0.8702248334884644, -1.3549580574035645, -1.8723033666610718, -0.561837375164032, 1.5269968509674072, 0.09125442802906036, 0.22266586124897003, -0.30097827315330505, -0.14057832956314087, 0.4977889657020569, -0.22928044199943542, 0.18606548011302948, 0.10265236347913742, -0.4137425422668457, -0.09050361067056656, -0.6532852649688721, 1.204045057296753, -0.5065088272094727, 0.8357307314872742, 0.3498948812484741, -0.002420041710138321, 0.31431037187576294, -1.031977891921997, 0.4473051130771637, -0.32099050283432007, -0.22360581159591675, -0.0907411128282547, -0.2714065909385681, -0.7407628297805786, 0.8676444888114929, -0.021087050437927246, -0.07654648274183273, -0.38440126180648804, 0.798058032989502, 0.1008896678686142, -0.34549832344055176, 0.04808690398931503, 1.2176882028579712, -0.5654610395431519, -0.6850641965866089, -1.4544360637664795, 0.3042777478694916, -0.08889072388410568, 0.7416585683822632, -0.9030396938323975, -0.3623935282230377, -0.795474648475647, -1.3699278831481934, -1.0624560117721558, 0.606914758682251, -1.7161381244659424, -0.5429331064224243, 0.4053712487220764, 0.0785185694694519, 0.17012111842632294, -0.9143420457839966, -0.3960283696651459, 0.35178306698799133, 0.3621689975261688, 0.2950133979320526, -0.19302579760551453, 0.06399822235107422, -0.23494139313697815, -0.12539267539978027, -0.08517744392156601, -0.4357132315635681, -0.720482587814331, 1.8536609411239624, -0.9387186169624329, 0.8766186237335205, -0.08214124292135239, 0.28003400564193726, 1.124432921409607, 0.13384346663951874, -0.30646222829818726, -1.177632451057434, 0.2941439151763916, 0.6760603785514832, 0.12477746605873108, 0.5648590922355652, 1.8362133502960205, -0.20686468482017517, -0.04752402752637863, -0.39648348093032837, 0.8065739274024963, 0.24716755747795105, -0.3980310261249542, 0.9333568215370178, -0.6769562363624573, -0.15902957320213318, 0.2854194939136505, -0.6003595590591431, 1.4375050067901611, -0.09243008494377136, -0.149417445063591, 1.1429921388626099, -0.7076597213745117, 0.565185010433197, -0.23030690848827362, 0.4709484875202179, 1.3665356636047363, 0.9929608702659607, 0.35223960876464844, 1.5019649267196655, 0.39169225096702576, -0.6099578142166138, -0.5040386915206909, -0.275232195854187, 0.34209683537483215, 0.11753535270690918, 0.10580497980117798, 0.07554686814546585, -0.2771342098712921, -1.9698625802993774, -0.6117832660675049, 1.2634975910186768, -0.28584885597229004, -0.4933288097381592, 1.4007688760757446, 0.7973463535308838, 0.21162688732147217, 0.6194096803665161, -0.8701798915863037, 0.9380989074707031, 1.6949946880340576, -1.0130144357681274, 0.575785756111145, -0.202498197555542, 0.7556047439575195, -0.46412622928619385, -0.5711178183555603, 0.1902681142091751, 0.13098019361495972, 0.12399925291538239, 0.27025747299194336, 0.29635533690452576, 0.10998132824897766, 0.27845489978790283, 1.0562289953231812, -0.39374181628227234, 1.4100370407104492, 0.06152767688035965, 0.00916365534067154, 0.5759159326553345, -0.5897324085235596, -0.9478093385696411, -0.37654024362564087, 0.21811772882938385, -0.6850513219833374, 1.2009366750717163, 0.022855713963508606, 0.44280219078063965, 0.41103845834732056, 0.19664055109024048, -0.02730625495314598, -0.6749624609947205, -0.008325017988681793, 0.4347567558288574, -0.04420898109674454, 0.17129629850387573, -1.6577746868133545, -1.084614872932434, -0.1492716372013092, -0.4889882802963257, -0.3170108497142792, -0.8441741466522217, 1.377105712890625, 0.4486789107322693, -0.2108427882194519, 0.13038216531276703, 0.8408074378967285, 0.5305911898612976, -0.10365191102027893, -0.14655041694641113, 1.159203052520752, -2.0530154705047607, -1.2660861015319824, -0.8311929702758789, 0.07780223339796066, -0.5055707097053528, 1.0357789993286133, -0.2141229659318924, -0.45854923129081726, -0.029172219336032867, 0.31635236740112305, -0.5943303108215332, 0.5457419753074646, -0.6071953177452087, -0.6618642807006836, 0.8770574927330017, -0.4035910964012146, -0.8624365925788879, 0.1673421859741211, 0.06565774232149124, 0.5768440961837769, 1.3632760047912598, -0.11879540234804153, -0.24603478610515594, -0.04523613303899765, 1.2279906272888184, 0.42355215549468994, 0.9461503624916077, -0.06014420464634895, -0.29403865337371826, 1.0003812313079834, -0.07976701855659485, -0.0873979926109314, 0.43797117471694946, -0.10740940272808075, 0.661691427230835, -0.16519010066986084, -0.3551214337348938, -0.4334673583507538, -0.06398022174835205, -0.13612249493598938, -0.14068378508090973, -0.049211807548999786, 0.13201943039894104, 0.25921010971069336, -0.4312824308872223, 0.07551136612892151, 0.2457170933485031, 0.44391268491744995, 1.7398524284362793, 0.6624469757080078, 0.36830630898475647, 0.0007069837301969528, -0.277812659740448, 0.3520374596118927, 1.7919628620147705, 0.07821916788816452, -0.7760236859321594, -1.0697647333145142, -0.027680054306983948, 0.915621280670166, 0.054610900580883026, -0.2618754804134369, 1.3836199045181274, 0.13428471982479095, -2.0111851692199707, 0.32140442728996277, 1.7137948274612427, 0.5936784744262695, 1.8582723140716553, 0.9879381656646729, 0.1493695080280304, -0.9906597137451172, -0.4307540953159332, 1.3291966915130615, 0.28782907128334045, -0.7262197136878967, -0.8335877060890198, 0.05663318559527397, 2.3027822971343994, -0.6683546900749207, 0.23782917857170105, -0.4920373857021332, 0.15131846070289612, -0.6816100478172302, -1.3950995206832886, 0.6400595307350159, 0.3964364528656006, 0.5371688604354858, 0.9109585285186768, -0.04445638507604599, -0.7416255474090576, -0.7682368755340576, -0.7267986536026001, 0.6382482051849365, 1.0586713552474976, 0.2982773780822754, 1.16038978099823, 0.5955798029899597, 0.7338410019874573, -0.36672496795654297, 1.7629235982894897, -0.5289950370788574, 0.09578784555196762, -0.5877920985221863, -0.2788255214691162, -0.2348005622625351, 0.8409556150436401, 1.1707377433776855, 0.19524139165878296, 0.18914906680583954, 0.6533755660057068, 0.07156941294670105, -0.9527731537818909, 0.6179945468902588, -0.362742155790329, 0.2000347226858139, -0.5768828392028809, -0.5223426818847656, -0.8676262497901917, -0.12738141417503357, 0.7662527561187744, -0.05986686795949936, -0.13160982728004456, 1.139106035232544, -1.3938344717025757, -0.15029393136501312, -1.0390760898590088, -0.7631921768188477, 0.09550776332616806, -0.2308051586151123, -0.2579707205295563, -1.441860556602478, 0.3817402124404907, -0.6573078632354736, 0.598433792591095, 0.7231882214546204, -0.9662796854972839, 0.33296334743499756, -0.3104715943336487, 0.39877498149871826, -0.08080894500017166, -1.1462525129318237, -0.22844281792640686, -0.8920342922210693, -0.20469266176223755, 0.2826940417289734, -0.316959023475647, -1.487843632698059, -0.15849971771240234, 0.2308540940284729, -0.12401887774467468, -0.7946246266365051, 0.7769696712493896, 0.06170143559575081, -0.6014405488967896, -0.6057853698730469, 0.28695255517959595, -0.0964619517326355, -0.784027636051178, 1.6980669498443604, -0.7583699822425842, 1.6739490032196045, -1.219770908355713, 1.4407769441604614, -1.667602300643921, -0.8487387895584106, -1.0561935901641846, -0.8734336495399475, -1.3023838996887207, 0.10062147676944733, -0.5177562236785889, 0.4520747661590576, -0.7757934331893921, 1.4064419269561768, 0.6033075451850891, 0.328546404838562, -0.842273473739624, 0.34610483050346375, 0.8506073951721191, 1.321850299835205, -1.3822113275527954, -1.510604977607727, -0.7574312686920166, 0.31970760226249695, -0.004566764459013939, 0.3953414261341095, -0.5917004346847534, -1.2213068008422852, 0.0400780513882637, -0.08371345698833466, -0.577406108379364, -0.3621339201927185, 1.188880443572998, -0.7784120440483093, 0.7456027865409851, -0.04164303466677666, -0.8182373642921448, 0.1479605734348297, -1.2644470930099487, 0.27591705322265625, 0.6441321969032288, -0.06401405483484268, 1.3337693214416504, -0.7876907587051392, 0.5403804183006287, -1.5272845029830933, 0.4090929627418518, -0.09442377090454102, -0.32148414850234985, -0.20319129526615143, 1.2722749710083008, 1.0591551065444946, -0.8794861435890198, 0.2848972976207733, 1.0776185989379883, 0.5613448619842529, 0.1566988080739975, -0.2093135565519333, 0.7500596046447754, -0.164442241191864, 0.39757397770881653, 0.6017031669616699, -1.2907928228378296, 0.37178805470466614, -0.7451594471931458, 0.8935726881027222, -0.4157678484916687, -0.0886620432138443, 0.013431880623102188, 0.3622666597366333, -0.791790246963501, 0.2030857652425766, -0.35128241777420044, 0.9982056617736816, 0.18058854341506958, -1.3740899562835693, -0.8599073886871338, 1.5522584915161133, -0.555607259273529, -0.413618803024292, -0.5199497938156128, 1.339737892150879, -0.44847816228866577, -0.3965347409248352, 0.7562601566314697, -0.11940018832683563, -0.13351958990097046, -0.007447315379977226, 0.7692901492118835, 1.3080865144729614, -0.332530677318573, 0.15910430252552032, -0.8281168341636658, 0.011827215552330017, 0.2938997745513916, 0.7403373718261719, 1.5617932081222534, 0.11261344701051712, -0.7476904988288879, 0.9368900060653687, 1.6919175386428833, 0.7557622194290161, -0.6586498022079468, -1.0180113315582275, 0.5737642049789429, 1.3689765930175781, -1.0659008026123047, -1.6438238620758057, -1.27439546585083, -0.08564779162406921, -0.3570014238357544, -0.6796842813491821, -0.4026228189468384, 0.22862562537193298, -0.7975035309791565, -0.3268515467643738, 0.1642724871635437, 0.015287935733795166, -0.9921174049377441, 0.6871850490570068, 0.18078389763832092, -0.8969889879226685, -1.3162035942077637, -0.8548133373260498, 1.1804529428482056, -0.035289328545331955, 1.5974799394607544, 1.0847834348678589, -0.8964630365371704, -0.7030609250068665, -1.0742840766906738, 0.16364650428295135, -0.4035895764827728, -0.0024697184562683105, -0.3672117292881012, -0.0630486011505127, 0.35142573714256287, 0.4889267683029175, -1.4730117321014404, 0.31525295972824097, -1.6977840662002563, 0.053678784519433975, -1.213348388671875, 0.7382381558418274, 1.013502597808838, -0.023226100951433182, -0.23805531859397888, -0.7813402414321899, -0.10517369210720062, -0.32579129934310913, -0.13236422836780548, 0.4010266959667206, 0.14909231662750244, 0.4190753400325775, 0.3467465937137604, -0.636203408241272, 0.8715764284133911, 0.1196347028017044, -0.6286420822143555, 0.9490492939949036, 0.1996602565050125, -0.3010718822479248, 0.9702966809272766, 1.0524687767028809, 0.047265201807022095, 0.01903754472732544, -0.22153355181217194, -0.7961666584014893, 1.591148853302002, 0.9792943000793457, 0.08334493637084961, -1.0699644088745117, -0.5892370939254761, 0.48257654905319214, 0.14004620909690857, 0.2382245659828186, -1.3898972272872925, 0.8268264532089233, -0.686610996723175, -0.10705365985631943, -0.32244107127189636, 0.05402547866106033, -0.24437488615512848, -0.18372252583503723, -0.43590885400772095, -0.19091585278511047, -0.1258745789527893, -0.3171725273132324, 0.17653948068618774, -0.7922738194465637, 0.3986803889274597, -0.5453811883926392, -0.2265060544013977, 0.43729227781295776, -0.5392150282859802, -0.6252456903457642, -0.2360866665840149, 0.33120641112327576, 0.0084751658141613, 1.5174760818481445, -0.31904086470603943, -0.841259241104126, -1.3553719520568848, 1.3866171836853027, 0.5759641528129578, 0.6399344205856323, 0.5815566778182983, 1.8303052186965942, -1.0316880941390991, -0.09002631902694702, -0.2261219024658203, 0.6465078592300415, -0.46771663427352905, -0.02227764204144478, -0.015795594081282616, -0.47330230474472046, -0.29325976967811584], "token_count": 1, "timestamp_utc": "2026-02-15T04:57:42Z", "source": "ide_chat"}
Ingestion success: True
Waiting a moment for indexing...
Retrieving...
DEBUG: Executing C:\Program Files\Go\bin\go.exe run ./cmd/cli -cmd retrieve -data C:\Users\batty\Documents\VoxAI_IDE\.vox\memory -dim 768 -input {"namespace": "project:471086ee0ea7c68f", "query": [1.2989476919174194, 0.38906770944595337, -3.8089585304260254, -1.8070580959320068, 1.1192506551742554, -0.5652772188186646, 0.22241488099098206, -0.030885200947523117, 1.173513412475586, 1.049107551574707, 0.011313900351524353, 0.8789229393005371, -0.5621465444564819, 0.045243434607982635, 0.09391574561595917, -0.09155572205781937, 0.4860602021217346, -1.1643564701080322, 0.1788140833377838, -0.7809992432594299, -1.4823726415634155, 0.6706647872924805, -1.6283692121505737, 0.8341543078422546, 1.2913341522216797, 0.5826619267463684, -0.6675796508789062, -0.09975804388523102, 0.28782927989959717, -0.18639495968818665, 1.3211302757263184, 0.24244490265846252, 0.758965253829956, 0.11802053451538086, 0.8193919658660889, -0.5990697145462036, 0.73110431432724, 0.5348915457725525, 0.6133877635002136, 0.32414910197257996, -0.14025209844112396, 1.0330758094787598, 0.2667890191078186, -0.9546824097633362, 0.9447879791259766, 1.605501651763916, -0.15169762074947357, -0.10412970930337906, 0.8085602521896362, -0.1911780685186386, 0.93756103515625, 0.2943723499774933, -1.4172437191009521, -1.3017187118530273, 0.10899492353200912, 1.1777513027191162, 0.48694080114364624, -0.3590851128101349, 0.1714339405298233, -1.2555458545684814, 0.3252561092376709, 1.359842300415039, 0.11560951173305511, 1.393937349319458, 0.8683221340179443, -1.4961943626403809, -0.6467093229293823, 0.9907248020172119, -0.3182733356952667, -0.2638840079307556, -0.4573952853679657, -1.484434723854065, 1.2971137762069702, -0.3549157381057739, -1.0693718194961548, -0.03138120844960213, -1.1377372741699219, -0.38759931921958923, 0.14652085304260254, 0.12420614808797836, -0.3534429967403412, 0.3396267294883728, 0.5325872302055359, 0.4212930202484131, 0.5268815159797668, -0.12238077819347382, -1.120543360710144, 0.4640115201473236, -0.20891952514648438, -0.10651996731758118, 0.7516234517097473, 0.13819986581802368, 0.12333683669567108, 0.45244884490966797, -0.8616862297058105, 0.4053487777709961, -0.6571943163871765, 0.5272824168205261, -0.23165370523929596, -0.42658931016921997, 0.8653872013092041, -0.6721594333648682, 0.8924643993377686, 0.7817227840423584, -0.026065345853567123, -0.19682051241397858, 0.5878080725669861, -0.361508846282959, -0.3444336950778961, -0.015367263928055763, -0.23712773621082306, -0.026925869286060333, -0.5660346746444702, -1.9516557455062866, 0.3302731513977051, -0.033901989459991455, 0.5055817365646362, 0.27577877044677734, -0.10409562289714813, 0.6107957363128662, 0.10889619588851929, -1.399379014968872, 1.2340757846832275, 0.9098879098892212, 0.5643967390060425, 0.45578038692474365, 0.11796681582927704, 0.23837226629257202, 0.6830152273178101, 0.49634063243865967, -0.3112483620643616, 0.0485692098736763, -1.3941327333450317, -0.9680831432342529, 0.10209766030311584, 0.486590713262558, 0.3161017894744873, 0.005516130477190018, 1.362242341041565, 0.3535214364528656, -0.11586203426122665, -0.7025829553604126, 0.9587247371673584, 0.6364096403121948, -1.8957934379577637, -0.6226674914360046, 0.6826962828636169, -1.247177243232727, -0.19339318573474884, 0.14682559669017792, -0.4833432137966156, -0.07253360748291016, 0.539150595664978, 0.8844559192657471, -0.24871930480003357, -0.6648920178413391, 0.6262586712837219, -0.221465066075325, -0.20942261815071106, -0.42527642846107483, 0.4768746495246887, 0.09659974277019501, -0.00970739871263504, 0.12672677636146545, -0.9877132773399353, -1.6237465143203735, 1.684112548828125, 1.3248729705810547, 1.6176851987838745, 1.1974681615829468, -0.5819414258003235, -0.24704617261886597, -0.6329431533813477, -0.8037732243537903, 0.7476761937141418, -0.16938814520835876, 1.0392653942108154, -0.16677874326705933, -0.10337327420711517, -0.5058841705322266, -0.6747493743896484, -0.8647294044494629, 0.6366984844207764, 0.7300496101379395, -0.1746312379837036, 0.02008596435189247, -0.5552865266799927, -1.0073256492614746, -1.0924614667892456, 1.3249902725219727, 0.26542091369628906, 0.7701370120048523, -1.6473896503448486, 0.004965594038367271, -0.10043217986822128, -0.537577748298645, 0.850182056427002, 0.3322758376598358, -0.39140215516090393, 0.4818611145019531, -0.48276618123054504, -0.8201024532318115, 0.19122223556041718, -0.5299791097640991, -0.9262619614601135, 1.2178648710250854, -0.16021761298179626, -0.5492038130760193, -0.4533323347568512, 0.35185590386390686, 0.9753553867340088, -0.7326864004135132, -0.1732032746076584, 0.24784374237060547, 0.5114738941192627, -0.6316814422607422, -0.7556288242340088, -1.4482977390289307, -0.9154468774795532, -0.24801787734031677, 1.0350432395935059, -0.4928162395954132, 0.8904172778129578, -0.5601522326469421, -0.20989419519901276, 0.6839159727096558, -0.8399963974952698, -0.06358414143323898, -0.03510435298085213, -0.39582160115242004, -0.12850454449653625, -1.3343647718429565, 1.2948139905929565, -0.08319997787475586, 1.1347801685333252, 0.7814051508903503, -0.46518948674201965, 0.05059020221233368, -1.1186940670013428, 0.36567187309265137, 0.5578356385231018, -0.5442188382148743, -0.3042016327381134, -0.41926509141921997, -1.0965321063995361, 1.2436105012893677, 0.12829488515853882, -0.5914207696914673, -0.6698205471038818, 1.1860567331314087, -0.17943663895130157, 0.08435375243425369, 0.6678065657615662, 0.6771646738052368, 0.3342716097831726, -0.5051375031471252, -1.1118643283843994, 1.1630933284759521, -0.5685796737670898, 0.8473691344261169, -1.2675330638885498, -0.590267539024353, -0.8014926314353943, -0.8637517690658569, -1.5128613710403442, 0.36092081665992737, -0.8649983406066895, -0.4175882935523987, 0.3972558379173279, 0.08389265090227127, 0.14898072183132172, 0.04310479015111923, -0.05285413935780525, 0.6321497559547424, 0.3830533027648926, -0.1604679524898529, 0.05876056104898453, 0.06971301883459091, -0.5930123329162598, -0.06628067791461945, 0.18628652393817902, -0.9107983112335205, -0.36822229623794556, 1.450534462928772, -0.5306093692779541, 0.8782241940498352, -0.10161826014518738, -0.44532638788223267, 1.1005913019180298, -0.02940167486667633, -0.07366783916950226, -1.0053985118865967, 0.1362088918685913, 0.45549675822257996, 0.8663781881332397, 0.6496773958206177, 2.5139927864074707, 0.5059517025947571, -0.3230530023574829, -0.5359773635864258, 0.5830414295196533, 0.2789793610572815, 0.03548678010702133, 1.593489646911621, -0.1387566328048706, 0.018633775413036346, 0.6265171766281128, -0.24264316260814667, 0.7260769605636597, -0.6096440553665161, -0.5299288034439087, 1.4399195909500122, 0.25399893522262573, 0.6772068738937378, 0.038012489676475525, 0.38124510645866394, 1.0461573600769043, 0.9878104329109192, 0.32063427567481995, 1.4482450485229492, 0.4445670247077942, -0.07388639450073242, -0.16555380821228027, 0.06270228326320648, 0.5875694751739502, -0.1956751048564911, -0.3551546037197113, 0.8997488617897034, -0.7227499485015869, -1.8497483730316162, -0.2157699316740036, 1.0757814645767212, 0.43896162509918213, -0.22636747360229492, 1.0306675434112549, 0.28670933842658997, 0.06091304123401642, 0.38205912709236145, -0.5337173938751221, 0.4477829039096832, 1.448238492012024, -1.1050571203231812, 1.089005947113037, 0.039301447570323944, 0.032265014946460724, -0.4742635190486908, -0.42880725860595703, 0.23764771223068237, 1.0520765781402588, 0.2423281967639923, 0.03704838454723358, 1.0120398998260498, -0.3409854471683502, 0.18352648615837097, 1.0961557626724243, 0.24662832915782928, 0.830586850643158, 0.5497831702232361, 0.1981746256351471, -0.09782171249389648, 0.4529963433742523, -0.5941028594970703, -0.13048255443572998, 0.3758718967437744, -0.8139559030532837, 0.8343218564987183, -0.25214383006095886, 0.6818895936012268, 1.3017386198043823, 0.45721176266670227, -0.04876977205276489, -0.9228647947311401, -0.17387433350086212, 0.4446853995323181, -0.35156717896461487, -0.3004542291164398, -2.4511592388153076, -1.4130744934082031, -0.05187584087252617, -0.9120184183120728, -0.009512735530734062, -1.3665121793746948, 0.8653577566146851, -0.0667029321193695, -0.006498992443084717, -0.173505038022995, 0.5258112549781799, -0.04576021432876587, -0.11423447728157043, -0.13953107595443726, 1.3489723205566406, -1.7649073600769043, -1.3948627710342407, -0.4810144305229187, 0.3401975631713867, -0.7201433181762695, 1.7287909984588623, -0.5128029584884644, -0.5034680366516113, -0.7282446026802063, -0.1880919635295868, -0.3681141138076782, 0.4172540605068207, 0.41693881154060364, -0.8150869011878967, 1.4210840463638306, -0.7310827970504761, -0.9700543880462646, 0.20303946733474731, 0.5877154469490051, -0.008392930030822754, 0.7477511167526245, 0.1415277123451233, -1.0663659572601318, 0.13104276359081268, 1.2112689018249512, 0.14288102090358734, 0.3410346508026123, 0.1371980905532837, 0.315503865480423, 0.7076160907745361, -0.35446470975875854, -0.46002447605133057, 0.6575925946235657, 0.492201566696167, 0.934036135673523, 0.08218859136104584, -0.1326286494731903, -1.0167917013168335, -0.3292295038700104, 0.4488894045352936, -0.03663722053170204, 0.7840813994407654, 0.3412628769874573, 0.8561345934867859, -0.43322521448135376, -0.32388317584991455, -0.4222271144390106, 0.7786378860473633, 0.8506587743759155, 0.23283123970031738, 0.5077324509620667, -0.45035839080810547, -0.8321285843849182, -0.21579506993293762, 1.6468381881713867, 0.09941763430833817, -0.8497632145881653, -0.8438030481338501, -0.30900195240974426, 0.9422743320465088, -0.04577338322997093, -0.3668122887611389, 1.363325834274292, 0.5106080770492554, -2.146568775177002, 0.662558913230896, 1.1400076150894165, 0.10090844333171844, 1.166624903678894, 1.2053892612457275, 0.6010340452194214, -0.9612327814102173, -0.12946602702140808, 0.3936517536640167, -0.08215434849262238, -0.23489302396774292, -0.4915924668312073, 0.6005944013595581, 1.8489694595336914, -1.0660487413406372, 1.1485388278961182, -0.23731201887130737, 0.35134297609329224, -0.3837549686431885, -1.397361159324646, -0.2547011077404022, 0.24450494349002838, 0.41844815015792847, 1.1993749141693115, 0.3584301173686981, -0.9998059868812561, -0.5491956472396851, -1.0103259086608887, 0.6620258688926697, 1.148228406906128, 0.08969049155712128, 1.3437590599060059, 0.5658686757087708, 1.5927939414978027, -0.46457260847091675, 1.1952478885650635, -0.28098851442337036, 0.26983851194381714, -0.5336333513259888, -0.22068186104297638, -0.6284105777740479, 1.0689916610717773, 1.095808982849121, 0.3448563516139984, 0.1333448588848114, 1.1227399110794067, -0.052903443574905396, -1.3775238990783691, 0.3473361134529114, -0.2668570280075073, 0.6142863035202026, -0.7161166071891785, -0.24287353456020355, -0.11986835300922394, -0.5837679505348206, 0.5331031084060669, 0.8770967721939087, 0.3566449284553528, 1.2609295845031738, -1.6709542274475098, -0.07009772956371307, -0.9617514610290527, -0.9999849796295166, -0.05317557975649834, 0.11270469427108765, -1.0254379510879517, -0.8820315599441528, 0.166753351688385, -1.0941956043243408, 0.033038295805454254, 1.177602767944336, -0.613244891166687, 0.4863751530647278, -1.0638530254364014, 0.2340494692325592, 0.18688273429870605, -1.530701756477356, -0.3219623565673828, -0.9643872380256653, -0.573249876499176, -0.46842285990715027, -0.2695547342300415, -1.0512990951538086, -0.33858323097229004, -0.11408624053001404, -0.9141622185707092, -0.6763739585876465, 0.8945459723472595, -0.22157184779644012, -0.7134266495704651, -0.8352281451225281, 0.13864023983478546, -0.38055282831192017, -0.5770582556724548, 1.4675519466400146, -1.771877408027649, 1.6458556652069092, -0.28030696511268616, 0.15428443253040314, -1.486154317855835, -0.12247155606746674, -0.8756237030029297, -0.4897094666957855, -0.9999630451202393, 0.9774312376976013, -0.6883981227874756, 0.6790087819099426, -0.8439671993255615, 0.6658880114555359, 0.3672957122325897, 0.4195038378238678, -1.1675870418548584, 0.9615936875343323, 0.7434689402580261, 1.1918714046478271, -1.1862437725067139, -1.5517923831939697, -0.004736896604299545, -0.4179964065551758, -0.1617651879787445, 0.06744962930679321, -0.9571348428726196, -1.3299109935760498, -0.8865174651145935, -0.1814696043729782, -0.15202191472053528, -0.7126736640930176, 1.0631990432739258, 0.08645717054605484, 0.9535430073738098, -1.1619566679000854, -1.7386739253997803, 0.07875336706638336, -0.7422129511833191, 0.2170802354812622, 0.682608962059021, -0.4659934639930725, 0.752426028251648, -0.6469837427139282, 0.43153661489486694, -1.8985178470611572, 0.4403446912765503, -0.12972033023834229, -0.02397732436656952, 0.12550833821296692, 0.42831891775131226, 1.3832120895385742, -0.3604230284690857, -0.021054286509752274, 0.7809686660766602, 1.057283639907837, 0.7797608971595764, -0.29699546098709106, 0.24535512924194336, 0.036023568361997604, 0.22641247510910034, 0.023599792271852493, -1.592355489730835, 0.9132219552993774, -1.414094090461731, 1.3887325525283813, -0.1011107861995697, -0.012684814631938934, -0.3172529339790344, 0.19132119417190552, -1.119861125946045, -0.11212337017059326, -0.7110011577606201, 0.8236752152442932, -0.17663142085075378, -1.183029294013977, -0.805757999420166, 1.3003071546554565, -0.006057027727365494, -0.4070032238960266, -0.19811096787452698, 1.4769829511642456, 0.12788665294647217, 0.4754334092140198, 1.3471835851669312, -0.40942054986953735, -0.239732563495636, 0.2540270686149597, 0.4060786962509155, 1.391599178314209, -0.07865279167890549, -0.06371355801820755, -0.49286144971847534, 0.24060393869876862, 0.6324924230575562, 0.9115078449249268, 1.7504258155822754, 0.006782647222280502, -0.7747753262519836, 1.1600404977798462, 2.1355979442596436, 0.7169108390808105, -0.5559030175209045, -0.339538037776947, 0.05445435643196106, 1.0094327926635742, -0.3985646665096283, -1.1702303886413574, -1.0635528564453125, -0.1666971892118454, 0.16134405136108398, -0.7464045286178589, -0.6215662360191345, -0.1717168092727661, -1.6970279216766357, -0.6025241017341614, -0.4583146870136261, -0.5644185543060303, -0.8440940380096436, 0.6083003282546997, -0.00661573838442564, -0.6575091481208801, -1.0918912887573242, -0.5262998342514038, 1.5167763233184814, 0.11828624457120895, 0.6342632174491882, 1.3336437940597534, -0.333630234003067, -1.0679662227630615, -0.657260537147522, 0.20903407037258148, -0.6742283701896667, -0.5553105473518372, 0.1871567964553833, -0.2560145854949951, 0.22996637225151062, 0.49505868554115295, -1.3423981666564941, 0.01857248693704605, -1.6823631525039673, -0.4793311655521393, -1.6026279926300049, 0.35723525285720825, 0.7122282385826111, -0.23870079219341278, 0.7155412435531616, -0.5363333225250244, 0.07236851751804352, -0.08410251885652542, 0.009587280452251434, 0.29299938678741455, 0.5153020620346069, 0.35261085629463196, 0.14104093611240387, -0.9849736094474792, 0.0033639241009950638, 0.12783998250961304, 0.15866348147392273, 0.4641827642917633, 0.2863274812698364, -0.7916407585144043, 1.052067756652832, 1.773492693901062, -0.06456373631954193, -0.031023018062114716, 0.21216745674610138, -1.7351936101913452, 1.1987905502319336, 1.0684863328933716, 0.38931822776794434, -0.8748353123664856, -0.8234517574310303, -0.15492767095565796, -0.07727226614952087, 0.8737014532089233, -1.322798728942871, 0.5604437589645386, -0.4255495071411133, 0.3850625157356262, -0.30534422397613525, 0.36189812421798706, -0.8344928622245789, -0.6320993900299072, -0.62946617603302, -0.6225892305374146, 0.6658564805984497, -0.2597093880176544, -0.21035483479499817, -1.1463285684585571, -0.8802399635314941, -0.27286750078201294, 0.3917703926563263, 0.20733362436294556, 0.13855648040771484, -0.3642268776893616, 0.216657817363739, 0.06888516247272491, -0.2009788602590561, 1.335876703262329, -0.7425613403320312, -1.0876145362854004, -1.1535875797271729, 0.9277242422103882, 0.3834141492843628, 0.6017813682556152, -0.19065967202186584, 2.228722333908081, -1.0891566276550293, 0.11463138461112976, 0.4817078709602356, 0.9076108336448669, -0.21632012724876404, 0.20291806757450104, 0.48408186435699463, -0.5867425203323364, 0.6975820064544678], "max_tokens": 40}
Found 1 results.
Result 1 [Score=0.0550]: CrimsonLeopardFire
